src/app/editors/blockly-editor/components/blockly/generators/javascript/javascript/lists.ts(15,38): error TS2307: Cannot find module '../../blocks/lists.js' or its corresponding type declarations.
src/app/editors/blockly-editor/components/blockly/generators/javascript/javascript/logic.ts(13,26): error TS2307: Cannot find module '../../core/block.js' or its corresponding type declarations.
src/app/editors/blockly-editor/components/blockly/generators/javascript/javascript/loops.ts(13,43): error TS2307: Cannot find module '../../blocks/loops.js' or its corresponding type declarations.
src/app/editors/blockly-editor/components/blockly/generators/javascript/javascript/loops.ts(14,26): error TS2307: Cannot find module '../../core/block.js' or its corresponding type declarations.
src/app/editors/blockly-editor/components/blockly/generators/javascript/javascript/loops.ts(15,24): error TS2307: Cannot find module '../../core/names.js' or its corresponding type declarations.
src/app/editors/blockly-editor/components/blockly/generators/javascript/javascript/loops.ts(16,30): error TS2307: Cannot find module '../../core/utils/string.js' or its corresponding type declarations.
src/app/editors/blockly-editor/components/blockly/generators/javascript/javascript/math.ts(13,26): error TS2307: Cannot find module '../../core/block.js' or its corresponding type declarations.
src/app/editors/blockly-editor/components/blockly/generators/javascript/javascript/procedures.ts(13,34): error TS2307: Cannot find module '../../blocks/procedures.js' or its corresponding type declarations.
src/app/editors/blockly-editor/components/blockly/generators/javascript/javascript/procedures.ts(14,26): error TS2307: Cannot find module '../../core/block.js' or its corresponding type declarations.
src/app/editors/blockly-editor/components/blockly/generators/javascript/javascript/procedures.ts(81,17): error TS2304: Cannot find name 'AnyDuringMigration'.
src/app/editors/blockly-editor/components/blockly/generators/javascript/javascript/text.ts(13,37): error TS2307: Cannot find module '../../blocks/text.js' or its corresponding type declarations.
src/app/editors/blockly-editor/components/blockly/generators/javascript/javascript/text.ts(14,26): error TS2307: Cannot find module '../../core/block.js' or its corresponding type declarations.
src/app/editors/blockly-editor/components/blockly/generators/javascript/javascript/variables.ts(13,26): error TS2307: Cannot find module '../../core/block.js' or its corresponding type declarations.
src/app/pages/playground/subject-list/subject-list.component.ts(64,30): error TS2339: Property 'loadExamplesList' does not exist on type 'PlaygroundService'.
src/app/tools/aily-chat/tools/atomicBlockTools.ts(1039,7): error TS2322: Type 'string' is not assignable to type 'ToolUseResult'.
src/app/tools/aily-chat/tools/atomicBlockTools.ts(1039,33): error TS2345: Argument of type '{ is_error: boolean; content: string; metadata: { errorType: string; suggestions: string; }; }' is not assignable to parameter of type 'string'.
src/app/tools/aily-chat/tools/atomicBlockTools.ts(1249,5): error TS2322: Type 'string' is not assignable to type 'ToolUseResult'.
src/app/tools/aily-chat/tools/atomicBlockTools.ts(1249,31): error TS2345: Argument of type 'ToolUseResult' is not assignable to parameter of type 'string'.
src/app/tools/aily-chat/tools/atomicBlockTools.ts(1252,5): error TS2322: Type 'string' is not assignable to type 'ToolUseResult'.
src/app/tools/aily-chat/tools/atomicBlockTools.ts(1252,31): error TS2345: Argument of type '{ is_error: boolean; content: string; }' is not assignable to parameter of type 'string'.
src/app/tools/aily-chat/tools/atomicBlockTools.ts(1276,7): error TS2322: Type 'string' is not assignable to type 'ToolUseResult'.
src/app/tools/aily-chat/tools/atomicBlockTools.ts(1276,33): error TS2345: Argument of type '{ is_error: boolean; content: string; metadata: { errorType: string; availableBlocks: { id: string; type: string; }[]; }; }' is not assignable to parameter of type 'string'.
src/app/tools/aily-chat/tools/atomicBlockTools.ts(1287,7): error TS2322: Type 'string' is not assignable to type 'ToolUseResult'.
src/app/tools/aily-chat/tools/atomicBlockTools.ts(1287,33): error TS2345: Argument of type '{ is_error: boolean; content: string; metadata: { errorType: string; availableBlocks: { id: string; type: string; }[]; }; }' is not assignable to parameter of type 'string'.
src/app/tools/aily-chat/tools/atomicBlockTools.ts(1309,9): error TS2322: Type 'string' is not assignable to type 'ToolUseResult'.
src/app/tools/aily-chat/tools/atomicBlockTools.ts(1309,35): error TS2345: Argument of type '{ is_error: boolean; content: string; metadata: { validActions: string[]; }; }' is not assignable to parameter of type 'string'.
src/app/tools/aily-chat/tools/atomicBlockTools.ts(1317,5): error TS2322: Type 'string' is not assignable to type 'ToolUseResult'.
src/app/tools/aily-chat/tools/atomicBlockTools.ts(1317,31): error TS2345: Argument of type '{ is_error: boolean; content: string; }' is not assignable to parameter of type 'string'.
src/app/tools/aily-chat/tools/atomicBlockTools.ts(1444,5): error TS2322: Type 'string' is not assignable to type 'ToolUseResult'.
src/app/tools/aily-chat/tools/atomicBlockTools.ts(1444,31): error TS2345: Argument of type '{ is_error: boolean; content: string; metadata: { errorType: string; hint: string; blockInfo: BlockInfo; }; }' is not assignable to parameter of type 'string'.
src/app/tools/aily-chat/tools/atomicBlockTools.ts(1457,5): error TS2322: Type 'string' is not assignable to type 'ToolUseResult'.
src/app/tools/aily-chat/tools/atomicBlockTools.ts(1457,31): error TS2345: Argument of type '{ is_error: boolean; content: string; metadata: { errorType: string; }; }' is not assignable to parameter of type 'string'.
src/app/tools/aily-chat/tools/atomicBlockTools.ts(1467,5): error TS2322: Type 'string' is not assignable to type 'ToolUseResult'.
src/app/tools/aily-chat/tools/atomicBlockTools.ts(1467,31): error TS2345: Argument of type '{ is_error: boolean; content: string; metadata: { errorType: string; }; }' is not assignable to parameter of type 'string'.
src/app/tools/aily-chat/tools/atomicBlockTools.ts(1480,7): error TS2322: Type 'string' is not assignable to type 'ToolUseResult'.
src/app/tools/aily-chat/tools/atomicBlockTools.ts(1480,33): error TS2345: Argument of type '{ is_error: boolean; content: string; metadata: { errorType: string; availableInputs: { name: string; type: "value" | "statement"; connected: boolean; connectedBlockId?: string; connectedBlockType?: string; }[]; }; }' is not assignable to parameter of type 'string'.
src/app/tools/aily-chat/tools/atomicBlockTools.ts(1495,5): error TS2322: Type 'string' is not assignable to type 'ToolUseResult'.
src/app/tools/aily-chat/tools/atomicBlockTools.ts(1495,31): error TS2345: Argument of type '{ is_error: boolean; content: string; metadata: { errorType: string; availableInputs: string[]; }; }' is not assignable to parameter of type 'string'.
src/app/tools/aily-chat/tools/atomicBlockTools.ts(1522,9): error TS2322: Type 'string' is not assignable to type 'ToolUseResult'.
src/app/tools/aily-chat/tools/atomicBlockTools.ts(1522,35): error TS2345: Argument of type '{ is_error: boolean; content: string; metadata: { errorType: string; hint: string; }; }' is not assignable to parameter of type 'string'.
src/app/tools/aily-chat/tools/atomicBlockTools.ts(1546,9): error TS2322: Type 'string' is not assignable to type 'ToolUseResult'.
src/app/tools/aily-chat/tools/atomicBlockTools.ts(1546,35): error TS2345: Argument of type '{ is_error: boolean; content: string; metadata: { hint: string; }; }' is not assignable to parameter of type 'string'.
src/app/tools/aily-chat/tools/atomicBlockTools.ts(1578,7): error TS2322: Type 'string' is not assignable to type 'ToolUseResult'.
src/app/tools/aily-chat/tools/atomicBlockTools.ts(1578,33): error TS2345: Argument of type 'ToolUseResult' is not assignable to parameter of type 'string'.
src/app/tools/aily-chat/tools/atomicBlockTools.ts(1580,7): error TS2322: Type 'string' is not assignable to type 'ToolUseResult'.
src/app/tools/aily-chat/tools/atomicBlockTools.ts(1580,33): error TS2345: Argument of type '{ is_error: boolean; content: string; }' is not assignable to parameter of type 'string'.
src/app/tools/aily-chat/tools/atomicBlockTools.ts(1592,7): error TS2322: Type 'string' is not assignable to type 'ToolUseResult'.
src/app/tools/aily-chat/tools/atomicBlockTools.ts(1592,33): error TS2345: Argument of type '{ is_error: boolean; content: string; metadata: { errorType: string; hint: string; }; }' is not assignable to parameter of type 'string'.
src/app/tools/aily-chat/tools/atomicBlockTools.ts(1606,7): error TS2322: Type 'string' is not assignable to type 'ToolUseResult'.
src/app/tools/aily-chat/tools/atomicBlockTools.ts(1606,33): error TS2345: Argument of type '{ is_error: boolean; content: string; metadata: { hint: string; }; }' is not assignable to parameter of type 'string'.
src/app/tools/aily-chat/tools/atomicBlockTools.ts(1628,5): error TS2322: Type 'string' is not assignable to type 'ToolUseResult'.
src/app/tools/aily-chat/tools/atomicBlockTools.ts(1628,31): error TS2345: Argument of type 'ToolUseResult' is not assignable to parameter of type 'string'.
src/app/tools/aily-chat/tools/atomicBlockTools.ts(1630,5): error TS2322: Type 'string' is not assignable to type 'ToolUseResult'.
src/app/tools/aily-chat/tools/atomicBlockTools.ts(1630,31): error TS2345: Argument of type '{ is_error: boolean; content: string; }' is not assignable to parameter of type 'string'.
src/app/tools/aily-chat/tools/atomicBlockTools.ts(1644,5): error TS2322: Type 'string' is not assignable to type 'ToolUseResult'.
src/app/tools/aily-chat/tools/atomicBlockTools.ts(1644,31): error TS2345: Argument of type '{ is_error: boolean; content: string; metadata: { errorType: string; blockInfo: BlockInfo; }; }' is not assignable to parameter of type 'string'.
src/app/tools/aily-chat/tools/atomicBlockTools.ts(1656,5): error TS2322: Type 'string' is not assignable to type 'ToolUseResult'.
src/app/tools/aily-chat/tools/atomicBlockTools.ts(1656,31): error TS2345: Argument of type '{ is_error: boolean; content: string; metadata: { errorType: string; blockInfo: BlockInfo; }; }' is not assignable to parameter of type 'string'.
src/app/tools/aily-chat/tools/atomicBlockTools.ts(1668,5): error TS2322: Type 'string' is not assignable to type 'ToolUseResult'.
src/app/tools/aily-chat/tools/atomicBlockTools.ts(1668,31): error TS2345: Argument of type '{ is_error: boolean; content: string; metadata: { errorType: string; }; }' is not assignable to parameter of type 'string'.
src/app/tools/aily-chat/tools/atomicBlockTools.ts(1794,7): error TS2322: Type 'string' is not assignable to type 'ToolUseResult'.
src/app/tools/aily-chat/tools/atomicBlockTools.ts(1794,33): error TS2345: Argument of type 'ToolUseResult' is not assignable to parameter of type 'string'.
src/app/tools/aily-chat/tools/atomicBlockTools.ts(1796,7): error TS2322: Type 'string' is not assignable to type 'ToolUseResult'.
src/app/tools/aily-chat/tools/atomicBlockTools.ts(1796,33): error TS2345: Argument of type '{ is_error: boolean; content: string; }' is not assignable to parameter of type 'string'.
src/app/tools/aily-chat/tools/atomicBlockTools.ts(1825,7): error TS2322: Type 'string' is not assignable to type 'ToolUseResult'.
src/app/tools/aily-chat/tools/atomicBlockTools.ts(1825,33): error TS2345: Argument of type '{ is_error: boolean; content: string; metadata: { errorType: string; hint: string; }; }' is not assignable to parameter of type 'string'.
src/app/tools/aily-chat/tools/atomicBlockTools.ts(1842,9): error TS2322: Type 'string' is not assignable to type 'ToolUseResult'.
src/app/tools/aily-chat/tools/atomicBlockTools.ts(1842,35): error TS2345: Argument of type '{ is_error: boolean; content: string; metadata: { hint: string; }; }' is not assignable to parameter of type 'string'.
src/app/tools/aily-chat/tools/atomicBlockTools.ts(1866,9): error TS2322: Type 'string' is not assignable to type 'ToolUseResult'.
src/app/tools/aily-chat/tools/atomicBlockTools.ts(1866,35): error TS2345: Argument of type 'ToolUseResult' is not assignable to parameter of type 'string'.
src/app/tools/aily-chat/tools/atomicBlockTools.ts(1874,7): error TS2322: Type 'string' is not assignable to type 'ToolUseResult'.
src/app/tools/aily-chat/tools/atomicBlockTools.ts(1874,33): error TS2345: Argument of type '{ is_error: boolean; content: string; metadata: { hint: string; }; }' is not assignable to parameter of type 'string'.
src/app/tools/aily-chat/tools/atomicBlockTools.ts(1894,5): error TS2322: Type 'string' is not assignable to type 'ToolUseResult'.
src/app/tools/aily-chat/tools/atomicBlockTools.ts(1894,31): error TS2345: Argument of type 'ToolUseResult' is not assignable to parameter of type 'string'.
src/app/tools/aily-chat/tools/atomicBlockTools.ts(1896,5): error TS2322: Type 'string' is not assignable to type 'ToolUseResult'.
src/app/tools/aily-chat/tools/atomicBlockTools.ts(1896,31): error TS2345: Argument of type '{ is_error: boolean; content: string; }' is not assignable to parameter of type 'string'.
src/app/tools/aily-chat/tools/atomicBlockTools.ts(1909,5): error TS2322: Type 'string' is not assignable to type 'ToolUseResult'.
src/app/tools/aily-chat/tools/atomicBlockTools.ts(1909,31): error TS2345: Argument of type '{ is_error: boolean; content: string; metadata: { errorType: string; hint: string; blockInfo: BlockInfo; }; }' is not assignable to parameter of type 'string'.
src/app/tools/aily-chat/tools/atomicBlockTools.ts(1926,7): error TS2322: Type 'string' is not assignable to type 'ToolUseResult'.
src/app/tools/aily-chat/tools/atomicBlockTools.ts(1926,33): error TS2345: Argument of type '{ is_error: boolean; content: string; metadata: { errorType: string; availableInputs: { name: string; type: "value" | "statement"; connected: boolean; connectedBlockId?: string; connectedBlockType?: string; }[]; }; }' is not assignable to parameter of type 'string'.
src/app/tools/aily-chat/tools/atomicBlockTools.ts(1941,5): error TS2322: Type 'string' is not assignable to type 'ToolUseResult'.
src/app/tools/aily-chat/tools/atomicBlockTools.ts(1941,31): error TS2345: Argument of type '{ is_error: boolean; content: string; metadata: { errorType: string; availableInputs: string[]; }; }' is not assignable to parameter of type 'string'.
src/app/tools/aily-chat/tools/atomicBlockTools.ts(1957,7): error TS2322: Type 'string' is not assignable to type 'ToolUseResult'.
src/app/tools/aily-chat/tools/atomicBlockTools.ts(1957,33): error TS2345: Argument of type '{ is_error: boolean; content: string; metadata: { errorType: string; inputAccepts: any; sourceOutputType: any; hint: string; }; }' is not assignable to parameter of type 'string'.
src/app/tools/aily-chat/tools/atomicBlockTools.ts(1973,7): error TS2322: Type 'string' is not assignable to type 'ToolUseResult'.
src/app/tools/aily-chat/tools/atomicBlockTools.ts(1973,33): error TS2345: Argument of type '{ is_error: boolean; content: string; metadata: { hint: string; }; }' is not assignable to parameter of type 'string'.
src/app/tools/aily-chat/tools/atomicBlockTools.ts(1991,5): error TS2322: Type 'string' is not assignable to type 'ToolUseResult'.
src/app/tools/aily-chat/tools/atomicBlockTools.ts(1991,31): error TS2345: Argument of type 'ToolUseResult' is not assignable to parameter of type 'string'.
src/app/tools/aily-chat/tools/atomicBlockTools.ts(1993,5): error TS2322: Type 'string' is not assignable to type 'ToolUseResult'.
src/app/tools/aily-chat/tools/atomicBlockTools.ts(1993,31): error TS2345: Argument of type '{ is_error: boolean; content: string; }' is not assignable to parameter of type 'string'.
src/app/tools/aily-chat/tools/atomicBlockTools.ts(2145,7): error TS2322: Type 'string' is not assignable to type 'ToolUseResult'.
src/app/tools/aily-chat/tools/atomicBlockTools.ts(2145,33): error TS2345: Argument of type '{ is_error: boolean; content: string; metadata: { availableBlocks: { id: string; type: string; }[]; }; }' is not assignable to parameter of type 'string'.
src/app/tools/aily-chat/tools/atomicBlockTools.ts(2155,7): error TS2322: Type 'string' is not assignable to type 'ToolUseResult'.
src/app/tools/aily-chat/tools/atomicBlockTools.ts(2155,33): error TS2345: Argument of type '{ is_error: boolean; content: string; metadata: { availableFields: string[]; blockType: any; }; }' is not assignable to parameter of type 'string'.
src/app/tools/aily-chat/tools/atomicBlockTools.ts(2169,9): error TS2322: Type 'string' is not assignable to type 'ToolUseResult'.
src/app/tools/aily-chat/tools/atomicBlockTools.ts(2169,35): error TS2345: Argument of type '{ is_error: boolean; content: string; }' is not assignable to parameter of type 'string'.
src/app/tools/aily-chat/tools/atomicBlockTools.ts(2187,7): error TS2322: Type 'string' is not assignable to type 'ToolUseResult'.
src/app/tools/aily-chat/tools/atomicBlockTools.ts(2187,33): error TS2345: Argument of type 'ToolUseResult' is not assignable to parameter of type 'string'.
src/app/tools/aily-chat/tools/atomicBlockTools.ts(2193,7): error TS2322: Type 'string' is not assignable to type 'ToolUseResult'.
src/app/tools/aily-chat/tools/atomicBlockTools.ts(2193,33): error TS2345: Argument of type '{ is_error: boolean; content: string; }' is not assignable to parameter of type 'string'.
src/app/tools/aily-chat/tools/atomicBlockTools.ts(2210,5): error TS2322: Type 'string' is not assignable to type 'ToolUseResult'.
src/app/tools/aily-chat/tools/atomicBlockTools.ts(2210,31): error TS2345: Argument of type 'ToolUseResult' is not assignable to parameter of type 'string'.
src/app/tools/aily-chat/tools/atomicBlockTools.ts(2213,5): error TS2322: Type 'string' is not assignable to type 'ToolUseResult'.
src/app/tools/aily-chat/tools/atomicBlockTools.ts(2213,31): error TS2345: Argument of type '{ is_error: boolean; content: string; }' is not assignable to parameter of type 'string'.
src/app/tools/aily-chat/tools/atomicBlockTools.ts(2238,9): error TS2322: Type 'string' is not assignable to type 'ToolUseResult'.
src/app/tools/aily-chat/tools/atomicBlockTools.ts(2238,35): error TS2345: Argument of type '{ is_error: boolean; content: string; }' is not assignable to parameter of type 'string'.
src/app/tools/aily-chat/tools/atomicBlockTools.ts(2246,9): error TS2322: Type 'string' is not assignable to type 'ToolUseResult'.
src/app/tools/aily-chat/tools/atomicBlockTools.ts(2246,35): error TS2345: Argument of type '{ is_error: boolean; content: string; }' is not assignable to parameter of type 'string'.
src/app/tools/aily-chat/tools/atomicBlockTools.ts(2255,7): error TS2322: Type 'string' is not assignable to type 'ToolUseResult'.
src/app/tools/aily-chat/tools/atomicBlockTools.ts(2255,33): error TS2345: Argument of type '{ is_error: boolean; content: string; }' is not assignable to parameter of type 'string'.
src/app/tools/aily-chat/tools/atomicBlockTools.ts(2262,7): error TS2322: Type 'string' is not assignable to type 'ToolUseResult'.
src/app/tools/aily-chat/tools/atomicBlockTools.ts(2262,33): error TS2345: Argument of type '{ is_error: boolean; content: string; }' is not assignable to parameter of type 'string'.
src/app/tools/aily-chat/tools/atomicBlockTools.ts(2270,7): error TS2322: Type 'string' is not assignable to type 'ToolUseResult'.
src/app/tools/aily-chat/tools/atomicBlockTools.ts(2270,33): error TS2345: Argument of type '{ is_error: boolean; content: string; metadata: { availableBlocks: { id: string; type: string; }[]; }; }' is not assignable to parameter of type 'string'.
src/app/tools/aily-chat/tools/atomicBlockTools.ts(2280,7): error TS2322: Type 'string' is not assignable to type 'ToolUseResult'.
src/app/tools/aily-chat/tools/atomicBlockTools.ts(2280,33): error TS2345: Argument of type '{ is_error: boolean; content: string; metadata: { availableInputs: { name: string; type: "value" | "statement"; connected: boolean; connectedBlockId?: string; connectedBlockType?: string; }[]; blockType: any; }; }' is not assignable to parameter of type 'string'.
src/app/tools/aily-chat/tools/atomicBlockTools.ts(2298,9): error TS2322: Type 'string' is not assignable to type 'ToolUseResult'.
src/app/tools/aily-chat/tools/atomicBlockTools.ts(2298,35): error TS2345: Argument of type '{ is_error: boolean; content: string; metadata: { availableBlocks: { id: string; type: string; }[]; }; }' is not assignable to parameter of type 'string'.
src/app/tools/aily-chat/tools/atomicBlockTools.ts(2307,9): error TS2322: Type 'string' is not assignable to type 'ToolUseResult'.
src/app/tools/aily-chat/tools/atomicBlockTools.ts(2307,35): error TS2345: Argument of type '{ is_error: boolean; content: string; }' is not assignable to parameter of type 'string'.
src/app/tools/aily-chat/tools/atomicBlockTools.ts(2356,9): error TS2322: Type 'string' is not assignable to type 'ToolUseResult'.
src/app/tools/aily-chat/tools/atomicBlockTools.ts(2356,35): error TS2345: Argument of type '{ is_error: boolean; content: string; }' is not assignable to parameter of type 'string'.
src/app/tools/aily-chat/tools/atomicBlockTools.ts(2365,9): error TS2322: Type 'string' is not assignable to type 'ToolUseResult'.
src/app/tools/aily-chat/tools/atomicBlockTools.ts(2365,35): error TS2345: Argument of type '{ is_error: boolean; content: string; metadata: { reason: string; sourceBlockType: any; targetInputName: string; }; }' is not assignable to parameter of type 'string'.
src/app/tools/aily-chat/tools/atomicBlockTools.ts(2380,9): error TS2322: Type 'string' is not assignable to type 'ToolUseResult'.
src/app/tools/aily-chat/tools/atomicBlockTools.ts(2380,35): error TS2345: Argument of type '{ is_error: boolean; content: string; metadata: { hint: string; }; }' is not assignable to parameter of type 'string'.
src/app/tools/aily-chat/tools/atomicBlockTools.ts(2391,9): error TS2322: Type 'string' is not assignable to type 'ToolUseResult'.
src/app/tools/aily-chat/tools/atomicBlockTools.ts(2391,35): error TS2345: Argument of type '{ is_error: boolean; content: string; }' is not assignable to parameter of type 'string'.
src/app/tools/aily-chat/tools/atomicBlockTools.ts(2403,9): error TS2322: Type 'string' is not assignable to type 'ToolUseResult'.
src/app/tools/aily-chat/tools/atomicBlockTools.ts(2403,35): error TS2345: Argument of type '{ is_error: boolean; content: string; metadata: { reason: string; inputAccepts: any; sourceOutputType: any; hint: string; }; }' is not assignable to parameter of type 'string'.
src/app/tools/aily-chat/tools/atomicBlockTools.ts(2419,9): error TS2322: Type 'string' is not assignable to type 'ToolUseResult'.
src/app/tools/aily-chat/tools/atomicBlockTools.ts(2419,35): error TS2345: Argument of type '{ is_error: boolean; content: string; metadata: { hint: string; }; }' is not assignable to parameter of type 'string'.
src/app/tools/aily-chat/tools/atomicBlockTools.ts(2447,5): error TS2322: Type 'string' is not assignable to type 'ToolUseResult'.
src/app/tools/aily-chat/tools/atomicBlockTools.ts(2447,31): error TS2345: Argument of type 'ToolUseResult' is not assignable to parameter of type 'string'.
src/app/tools/aily-chat/tools/atomicBlockTools.ts(2450,5): error TS2322: Type 'string' is not assignable to type 'ToolUseResult'.
src/app/tools/aily-chat/tools/atomicBlockTools.ts(2450,31): error TS2345: Argument of type '{ is_error: boolean; content: string; }' is not assignable to parameter of type 'string'.
src/app/tools/aily-chat/tools/atomicBlockTools.ts(2488,7): error TS2322: Type 'string' is not assignable to type 'ToolUseResult'.
src/app/tools/aily-chat/tools/atomicBlockTools.ts(2488,33): error TS2345: Argument of type '{ is_error: boolean; content: string; metadata: { rawBlocksType: "string" | "number" | "bigint" | "boolean" | "symbol" | "undefined" | "object" | "function"; rawBlocksPreview: string; }; }' is not assignable to parameter of type 'string'.
src/app/tools/aily-chat/tools/atomicBlockTools.ts(3077,5): error TS2322: Type 'string' is not assignable to type 'ToolUseResult'.
src/app/tools/aily-chat/tools/atomicBlockTools.ts(3077,31): error TS2345: Argument of type 'ToolUseResult' is not assignable to parameter of type 'string'.
src/app/tools/aily-chat/tools/atomicBlockTools.ts(3080,5): error TS2322: Type 'string' is not assignable to type 'ToolUseResult'.
src/app/tools/aily-chat/tools/atomicBlockTools.ts(3080,31): error TS2345: Argument of type '{ is_error: boolean; content: string; }' is not assignable to parameter of type 'string'.
src/app/tools/aily-chat/tools/atomicBlockTools.ts(3146,5): error TS2322: Type 'string' is not assignable to type 'ToolUseResult'.
src/app/tools/aily-chat/tools/atomicBlockTools.ts(3146,31): error TS2345: Argument of type '{ is_error: boolean; content: string; metadata: { totalBlocks: any; rootBlocks: any; orphanBlocks: any; blocksByType: Record<string, number>; blocks: any; }; }' is not assignable to parameter of type 'string'.
src/app/tools/aily-chat/tools/atomicBlockTools.ts(3159,5): error TS2322: Type 'string' is not assignable to type 'ToolUseResult'.
src/app/tools/aily-chat/tools/atomicBlockTools.ts(3159,31): error TS2345: Argument of type '{ is_error: boolean; content: string; }' is not assignable to parameter of type 'string'.
src/app/tools/aily-chat/tools/fileOperationsTool.ts(1,38): error TS2307: Cannot find module '@joint/core' or its corresponding type declarations.
src/app/tools/aily-chat/tools/fileOperationsTool.ts(148,13): error TS2322: Type 'string' is not assignable to type 'ToolUseResult'.
src/app/tools/aily-chat/tools/fileOperationsTool.ts(148,39): error TS2345: Argument of type '{ is_error: boolean; content: string; }' is not assignable to parameter of type 'string'.
src/app/tools/aily-chat/tools/fileOperationsTool.ts(186,17): error TS2322: Type 'string' is not assignable to type 'ToolUseResult'.
src/app/tools/aily-chat/tools/fileOperationsTool.ts(186,43): error TS2345: Argument of type '{ is_error: boolean; content: string; }' is not assignable to parameter of type 'string'.
src/app/tools/aily-chat/tools/fileOperationsTool.ts(210,17): error TS2322: Type 'string' is not assignable to type 'ToolUseResult'.
src/app/tools/aily-chat/tools/fileOperationsTool.ts(215,17): error TS2322: Type 'string' is not assignable to type 'ToolUseResult'.
src/app/tools/aily-chat/tools/fileOperationsTool.ts(221,21): error TS2322: Type 'string' is not assignable to type 'ToolUseResult'.
src/app/tools/aily-chat/tools/fileOperationsTool.ts(224,17): error TS2322: Type 'string' is not assignable to type 'ToolUseResult'.
src/app/tools/aily-chat/tools/fileOperationsTool.ts(232,25): error TS2322: Type 'string' is not assignable to type 'ToolUseResult'.
src/app/tools/aily-chat/tools/fileOperationsTool.ts(248,25): error TS2322: Type 'string' is not assignable to type 'ToolUseResult'.
src/app/tools/aily-chat/tools/fileOperationsTool.ts(256,21): error TS2322: Type 'string' is not assignable to type 'ToolUseResult'.
src/app/tools/aily-chat/tools/fileOperationsTool.ts(265,21): error TS2322: Type 'string' is not assignable to type 'ToolUseResult'.
src/app/tools/aily-chat/tools/fileOperationsTool.ts(272,21): error TS2322: Type 'string' is not assignable to type 'ToolUseResult'.
src/app/tools/aily-chat/tools/fileOperationsTool.ts(319,17): error TS2322: Type 'string' is not assignable to type 'ToolUseResult'.
src/app/tools/aily-chat/tools/fileOperationsTool.ts(326,21): error TS2322: Type 'string' is not assignable to type 'ToolUseResult'.
src/app/tools/aily-chat/tools/fileOperationsTool.ts(329,66): error TS2554: Expected 1 arguments, but got 2.
src/app/tools/aily-chat/tools/fileOperationsTool.ts(331,21): error TS2322: Type 'string' is not assignable to type 'ToolUseResult'.
src/app/tools/aily-chat/tools/fileOperationsTool.ts(335,21): error TS2322: Type 'string' is not assignable to type 'ToolUseResult'.
src/app/tools/aily-chat/tools/fileOperationsTool.ts(347,25): error TS2322: Type 'string' is not assignable to type 'ToolUseResult'.
src/app/tools/aily-chat/tools/fileOperationsTool.ts(351,17): error TS2322: Type 'string' is not assignable to type 'ToolUseResult'.
src/app/tools/aily-chat/tools/fileOperationsTool.ts(356,17): error TS2322: Type 'string' is not assignable to type 'ToolUseResult'.
src/app/tools/aily-chat/tools/fileOperationsTool.ts(360,17): error TS2322: Type 'string' is not assignable to type 'ToolUseResult'.
src/app/tools/aily-chat/tools/fileOperationsTool.ts(388,9): error TS2322: Type 'string' is not assignable to type 'ToolUseResult'.
src/app/tools/aily-chat/tools/fileOperationsTool.ts(388,35): error TS2345: Argument of type '{ is_error: boolean; content: string; }' is not assignable to parameter of type 'string'.
src/app/tools/aily-chat/tools/manageSkillsTool.ts(9,15): error TS2305: Module '"../core/skill-types"' has no exported member 'SkillHubEntry'.
src/app/tools/aily-chat/tools/manageSkillsTool.ts(89,33): error TS2339: Property 'getInstalledRecords' does not exist on type 'SkillRegistryImpl'.
src/app/tools/aily-chat/tools/manageSkillsTool.ts(117,41): error TS2339: Property 'searchHub' does not exist on type 'SkillRegistryImpl'.
src/app/tools/aily-chat/tools/manageSkillsTool.ts(172,37): error TS2339: Property 'installFromHub' does not exist on type 'SkillRegistryImpl'.
src/app/tools/aily-chat/tools/manageSkillsTool.ts(188,33): error TS2339: Property 'uninstall' does not exist on type 'SkillRegistryImpl'.
src/app/tools/data-chart/data-chart.component.ts(89,34): error TS2551: Property 'addAreaSeries' does not exist on type 'IChartApi'. Did you mean 'addSeries'?
